C51 COMPILER V9.59.0.0   PASSWORD_HEADER                                                   11/12/2025 13:00:10 PAGE 1   


C51 COMPILER V9.59.0.0, COMPILATION OF MODULE PASSWORD_HEADER
OBJECT MODULE PLACED IN .\Objects\password_header.obj
COMPILER INVOKED BY: C:\Keil_v5\C51\BIN\C51.EXE password_header.c OPTIMIZE(8,SPEED) BROWSE DEBUG OBJECTEXTEND PRINT(.\Li
                    -stings\password_header.lst) TABS(2) OBJECT(.\Objects\password_header.obj)

line level    source

   1          #include <reg51.h>
   2          #include "lcdpro.h"
   3          #include "keypadpro.h"
   4          #include "motorpro.h"
   5          
   6          void check(void);
   7          void wait(void);
   8          void change_password(void);
   9          
  10          unsigned char password[4] = {'1', '2', '3', '4'};  // default password
  11          unsigned char entered[10];
  12          unsigned char count = 0;
  13          unsigned char attempts = 0;
  14          
  15          void main(void)
  16          {
  17   1          unsigned char key;
  18   1          lcd_init();
  19   1          motor_init();
  20   1      
  21   1          lcd_cmd(0x80);
  22   1          printString("PASSWORD PROTECT");
  23   1          lcd_cmd(0xC4);
  24   1          printString("SYSTEM");
  25   1          delay(800);
  26   1          lcd_cmd(0x01);
  27   1          lcd_cmd(0x80);
  28   1          printString("ENTER PASSWORD:");
  29   1          lcd_cmd(0xC0);
  30   1      
  31   1          while (1)
  32   1          {
  33   2              key = keyscan();
  34   2      
  35   2              if (key >= '0' && key <= '9')
  36   2              {
  37   3                  if (count < 10)   // allow multiple digits before #
  38   3                  {
  39   4                      entered[count++] = key;
  40   4                      lcd_data('*');
  41   4                  }
  42   3              }
  43   2              else if (key == '*')   // Clear input
  44   2              {
  45   3                  lcd_cmd(0x01);
  46   3                  lcd_cmd(0x80);
  47   3                  printString("ENTER PASSWORD:");
  48   3                  lcd_cmd(0xC0);
  49   3                  count = 0;
  50   3              }
  51   2              else if (key == '#')   // Enter pressed
  52   2              {
  53   3                  // If the user entered *440# sequence, trigger password change mode
  54   3                  if (count == 3 && entered[0] == '4' && entered[1] == '4' && entered[2] == '0')
C51 COMPILER V9.59.0.0   PASSWORD_HEADER                                                   11/12/2025 13:00:10 PAGE 2   

  55   3                  {
  56   4                      change_password();
  57   4                  }
  58   3                  else if (count == 4)
  59   3                  {
  60   4                      check();
  61   4                  }
  62   3                  else
  63   3                  {
  64   4                      lcd_cmd(0x01);
  65   4                      printString("PASSWORD WRONG");
  66   4                      delay(600);
  67   4                  }
  68   3      
  69   3                  // Reset for next input
  70   3                  count = 0;
  71   3                  lcd_cmd(0x01);
  72   3                  lcd_cmd(0x80);
  73   3                  printString("ENTER PASSWORD:");
  74   3                  lcd_cmd(0xC0);
  75   3              }
  76   2          }
  77   1      }
  78          
  79          // ====== Check if entered password matches ======
  80          void check(void)
  81          {
  82   1          if (entered[0] == password[0] && entered[1] == password[1] &&
  83   1              entered[2] == password[2] && entered[3] == password[3])
  84   1          {
  85   2              lcd_cmd(0x01);
  86   2              printString("PASSWORD MATCH");
  87   2              
  88   2              motor_unlock();     // rotate motor to unlock
  89   2              delay(150);         // rotate duration (adjust to reach 90°)
  90   2              
  91   2              // Stop motor
  92   2              mp = 0;
  93   2              mn = 0;
  94   2              
  95   2              delay(1000);        // 4 seconds wait while unlocked
  96   2              delay(1000);
  97   2              //delay(1000);
  98   2              //delay(1000);
  99   2              
 100   2              // Lock again
 101   2              lockback();         // rotate reverse to lock
 102   2              //delay(400);         // same rotation time for locking
 103   2              
 104   2              // Stop motor again
 105   2              mp = 0;
 106   2              mn = 0;
 107   2      
 108   2              attempts = 0;
 109   2          }
 110   1          else
 111   1          {
 112   2              attempts++;
 113   2              lcd_cmd(0x01);
 114   2              printString("PASSWORD WRONG");
 115   2              lcd_cmd(0xC0);
 116   2              printString("TRY AGAIN");
C51 COMPILER V9.59.0.0   PASSWORD_HEADER                                                   11/12/2025 13:00:10 PAGE 3   

 117   2              delay(800);
 118   2      
 119   2              if (attempts >= 3)
 120   2              {
 121   3                  attempts = 0;
 122   3                  wait();   // 10-sec lockout
 123   3              }
 124   2          }
 125   1      }
 126          
 127          
 128          // ====== Wait 10 seconds after 3 wrong attempts ======
 129          void wait(void)
 130          {
 131   1          unsigned char i;
 132   1          lcd_cmd(0x01);
 133   1          printString("ACCESS DENIED");
 134   1          lcd_cmd(0xC0);
 135   1          printString("WAIT 10 SECONDS");
 136   1      
 137   1          for (i = 10; i > 0; i--)
 138   1          {
 139   2              lcd_cmd(0xC0);
 140   2              printString("WAIT ");
 141   2              lcd_data((i / 10) + '0');
 142   2              lcd_data((i % 10) + '0');
 143   2              printString(" SECONDS ");
 144   2              delay(1000);
 145   2          }
 146   1          lcd_cmd(0x01);
 147   1          lcd_cmd(0x80);
 148   1          printString("ENTER PASSWORD:");
 149   1          lcd_cmd(0xC0);
 150   1      }
 151          
 152          // ====== Change Password via Keypad ======
 153          void change_password(void)
 154          {
 155   1          unsigned char i, newkey;
 156   1          lcd_cmd(0x01);
 157   1          printString("SET NEW PASSWORD:");
 158   1          lcd_cmd(0xC0);
 159   1      
 160   1          for (i = 0; i < 4; i++)
 161   1          {
 162   2              newkey = keyscan();
 163   2              while (!(newkey >= '0' && newkey <= '9'))
 164   2                  newkey = keyscan();
 165   2      
 166   2              password[i] = newkey;
 167   2              lcd_data('*');
 168   2          }
 169   1      
 170   1          lcd_cmd(0x01);
 171   1          printString("PASSWORD UPDATED");
 172   1          delay(800);
 173   1          lcd_cmd(0x01);
 174   1          lcd_cmd(0x80);
 175   1          printString("ENTER PASSWORD:");
 176   1          lcd_cmd(0xC0);
 177   1      }

C51 COMPILER V9.59.0.0   PASSWORD_HEADER                                                   11/12/2025 13:00:10 PAGE 4   


MODULE INFORMATION:   STATIC OVERLAYABLE
   CODE SIZE        =    874    ----
   CONSTANT SIZE    =    161    ----
   XDATA SIZE       =   ----    ----
   PDATA SIZE       =   ----    ----
   DATA SIZE        =     16      10
   IDATA SIZE       =   ----    ----
   BIT SIZE         =   ----    ----
END OF MODULE INFORMATION.


C51 COMPILATION COMPLETE.  0 WARNING(S),  0 ERROR(S)
