C51 COMPILER V9.59.0.0   PASSWORD_PROTECTION                                               10/14/2025 16:38:11 PAGE 1   


C51 COMPILER V9.59.0.0, COMPILATION OF MODULE PASSWORD_PROTECTION
OBJECT MODULE PLACED IN .\Objects\password protection.obj
COMPILER INVOKED BY: C:\Keil_v5\C51\BIN\C51.EXE password protection.c OPTIMIZE(8,SPEED) BROWSE DEBUG OBJECTEXTEND PRINT(
                    -.\Listings\password protection.lst) TABS(2) OBJECT(.\Objects\password protection.obj)

line level    source

   1          #include<reg51.h>
   2          #define display P2
   3          
   4          
   5          // for keypad
   6          sbit r1=P1^0;
   7          sbit r2=P1^1;
   8          sbit r3=P1^2;
   9          sbit r4=P1^3;
  10          sbit c1=P1^4;
  11          sbit c2=P1^5;
  12          sbit c3=P1^6;
  13          
  14          // for lcd
  15          sbit rs=P3^0;
  16          sbit rw=P3^1;
  17          sbit en=P3^2;
  18          
  19          //for motor
  20          sbit mp=P3^3;
  21          sbit mn=P3^4;
  22          
  23          
  24          void lcdcmd(unsigned char);
  25          void lcddat(unsigned char);
  26          void lcddis(unsigned char *,unsigned char);
  27          void delay(unsigned int);
  28          void check();
  29          void lockback();
  30          unsigned char pwd[4];
  31          
  32          
  33          void main()
  34          {
  35   1       
  36   1      lcdcmd(0x38);
  37   1      lcdcmd(0x0c);
  38   1      lcdcmd(0x01);
  39   1      lcdcmd(0x80);
  40   1      lcddis("PASSWORD PROTECT",16);
  41   1      lcdcmd(0xc5);
  42   1      lcddis("SYSTEM",6);
  43   1       delay(300);
  44   1      lcdcmd(0x01);
  45   1       lcddis("ENTER PASSWORD",14);
  46   1       lcdcmd(0xc0);
  47   1       while(1)
  48   1       
  49   1      {
  50   2       unsigned int x;
  51   2        r1=0;
  52   2         if(c1==0)
  53   2        {
  54   3         pwd[x]='1';
C51 COMPILER V9.59.0.0   PASSWORD_PROTECTION                                               10/14/2025 16:38:11 PAGE 2   

  55   3         delay(40);
  56   3         lcddat('1');
  57   3         x=x+1;
  58   3        }
  59   2        if(c2==0)
  60   2        {
  61   3         pwd[x]='2';
  62   3         delay(40);
  63   3        lcddat('2');
  64   3         x=x+1;
  65   3        }
  66   2        if(c3==0)
  67   2        {
  68   3         pwd[x]='3';
  69   3         delay(40);
  70   3        lcddat('3');
  71   3         x=x+1;
  72   3        }
  73   2        
  74   2        r1=1;
  75   2        r2=0;
  76   2        if(c1==0)
  77   2        {
  78   3         pwd[x]='4';
  79   3         delay(40);
  80   3        lcddat('4');
  81   3         x=x+1;
  82   3        }
  83   2        
  84   2        if(c2==0)
  85   2        {
  86   3         pwd[x]='5';
  87   3         delay(40);
  88   3        lcddat('5');
  89   3         x=x+1;
  90   3        }
  91   2        
  92   2        if(c3==0)
  93   2        {
  94   3         pwd[x]='6';
  95   3         delay(40);
  96   3         lcddat('6');
  97   3         x=x+1;
  98   3        }
  99   2        
 100   2        r2=1;
 101   2        r3=0;
 102   2        
 103   2        if(c1==0)
 104   2        {
 105   3         pwd[x]='7';
 106   3         delay(40);
 107   3        lcddat('7');
 108   3         x=x+1;
 109   3        }
 110   2        
 111   2        if(c2==0)
 112   2        {
 113   3         pwd[x]='8';
 114   3         delay(40);
 115   3        lcddat('8');
 116   3         x=x+1;
C51 COMPILER V9.59.0.0   PASSWORD_PROTECTION                                               10/14/2025 16:38:11 PAGE 3   

 117   3        }
 118   2        
 119   2        if(c3==0)
 120   2        {
 121   3         pwd[x]='9';
 122   3         delay(40);
 123   3         lcddat('9');
 124   3         x=x+1;
 125   3        }
 126   2        r3=1;
 127   2        r4=0;
 128   2        if(c1==0)
 129   2        {
 130   3         pwd[x]='*';
 131   3         delay(40);
 132   3        lcddat('*');
 133   3         x=x+1;
 134   3        }
 135   2        
 136   2        if(c2==0)
 137   2        {
 138   3         pwd[x]='0';
 139   3         delay(40);
 140   3        lcddat('0');
 141   3         x=x+1;
 142   3        }
 143   2        
 144   2        if(c3==0)
 145   2        {
 146   3         break;
 147   3        }
 148   2        
 149   2        r4=1;
 150   2        
 151   2       }
 152   1      check();
 153   1      
 154   1      }
 155          
 156          void check()
 157          {
 158   1       if(pwd[0]=='2'&&pwd[1]=='0'&&pwd[2]=='0'&&pwd[3]=='5')
 159   1       {
 160   2        
 161   2        mp=1;
 162   2        mn=0;
 163   2        lcdcmd(0x01);
 164   2        lcddis("PASSWORD MATCH",14);
 165   2        delay(500); 
 166   2        lockback();
 167   2        
 168   2       }
 169   1       
 170   1       else
 171   1       {
 172   2        lcdcmd(0x01);
 173   2        lcddis("PASSWORD WRONG",14);
 174   2        lcdcmd(0xc0);
 175   2        lcddis("TRY AGAIN",9);
 176   2        delay(500);
 177   2       }
 178   1      }
C51 COMPILER V9.59.0.0   PASSWORD_PROTECTION                                               10/14/2025 16:38:11 PAGE 4   

 179          
 180          
 181          
 182          void lcdcmd(unsigned char val)
 183          {
 184   1       display=val;
 185   1       rs=0;
 186   1       rw=0;
 187   1       en=1;
 188   1       delay(1);
 189   1       en=0;
 190   1      }
 191          
 192          void lcddat(unsigned char dat)
 193          {
 194   1       display=dat;
 195   1       rs=1;
 196   1       rw=0;
 197   1       en=1;
 198   1       delay(1);
 199   1       en=0;
 200   1      }
 201          
 202          void lcddis(unsigned char *s,unsigned char r)
 203          {
 204   1       unsigned char w;
 205   1       for(w=0;w<r;w++)
 206   1       {
 207   2        lcddat(s[w]);
 208   2        //delay(1);
 209   2       }
 210   1      }
 211          
 212          void delay(unsigned int time)
 213          {
 214   1       unsigned int i,j;
 215   1       for(i=0;i<time;i++)
 216   1       {
 217   2        for(j=0;j<1275;j++)
 218   2        {}
 219   2       }
 220   1      }
 221          void lockback()
 222          {
 223   1       mp=0;
 224   1       mn=1;
 225   1       delay(500);
 226   1       mp=0;
 227   1       mn=0;
 228   1      }


MODULE INFORMATION:   STATIC OVERLAYABLE
   CODE SIZE        =    605    ----
   CONSTANT SIZE    =     79    ----
   XDATA SIZE       =   ----    ----
   PDATA SIZE       =   ----    ----
   DATA SIZE        =      4       7
   IDATA SIZE       =   ----    ----
   BIT SIZE         =   ----    ----
END OF MODULE INFORMATION.


C51 COMPILATION COMPLETE.  0 WARNING(S),  0 ERROR(S)
